
> frontend@0.0.0 build
> vite build

[36mvite v7.2.6 [32mbuilding client environment for production...[36m[39m
transforming...
node.exe : 
No C:\Program Files\nodejs\npm.ps1:29 caractere:3
+   & $NODE_EXE $NPM_CLI_JS $args
+   ~~~~~~~~~~~~~~~~~~~~~~~~~~~~~
    + CategoryInfo          : NotSpecified: (:String) [], RemoteException
    + FullyQualifiedErrorId : NativeCommandError
 
/grid-pattern.svg referenced in /grid-pattern.svg didn't resolve at build time, it will remain 
unchanged to be resolved at runtime
[32mÔ£ô[39m 55 modules transformed.
[31mÔ£ù[39m Build failed in 1.31s
[31merror during build:
[31m[vite-plugin-pwa:build] [plugin vite-plugin-pwa:build] There was an error during the build:
  [vite]: Rollup failed to resolve import "@headlessui/react" from 
"C:/Users/User/Documents/pcmais/frontend/src/components/ProductManagerModal.tsx".
This is most likely unintended because it can break your application at runtime.
If you do want to externalize this module explicitly add it to
`build.rollupOptions.external`
Additionally, handling the error in the 'buildEnd' hook caused the following error:
  [vite]: Rollup failed to resolve import "@headlessui/react" from 
"C:/Users/User/Documents/pcmais/frontend/src/components/ProductManagerModal.tsx".
This is most likely unintended because it can break your application at runtime.
If you do want to externalize this module explicitly add it to
`build.rollupOptions.external`[31m
    at getRollupError 
(file:///C:/Users/User/Documents/pcmais/frontend/node_modules/rollup/dist/es/shared/parseAst.js:401:41)
    at file:///C:/Users/User/Documents/pcmais/frontend/node_modules/rollup/dist/es/shared/node-entry.js:
23347:39
    at async catchUnfinishedHookActions (file:///C:/Users/User/Documents/pcmais/frontend/node_modules/ro
llup/dist/es/shared/node-entry.js:22805:16)
    at async rollupInternal (file:///C:/Users/User/Documents/pcmais/frontend/node_modules/rollup/dist/es
/shared/node-entry.js:23330:5)
    at async buildEnvironment 
(file:///C:/Users/User/Documents/pcmais/frontend/node_modules/vite/dist/node/chunks/config.js:33534:12)
    at async Object.build 
(file:///C:/Users/User/Documents/pcmais/frontend/node_modules/vite/dist/node/chunks/config.js:33893:19)
    at async Object.buildApp 
(file:///C:/Users/User/Documents/pcmais/frontend/node_modules/vite/dist/node/chunks/config.js:33890:153)
    at async CAC.<anonymous> 
(file:///C:/Users/User/Documents/pcmais/frontend/node_modules/vite/dist/node/cli.js:629:3)[39m
